main: Query.hs:(227,1)-(236,38): Non-exhaustive patterns in function eval

